Graph reconstruction via  vertex betweenness centrality
	Original graph description file-> /Users/oscarraigcolon/Arrel/git/rebuild-graph/data/example_graphs/barabase_20_4.gpfc		Ordre-> 20
	Pseudorandom generator seeds-> 11,92,37
SIMULATED ANNEALING:
	To-> 10.000000
	Tk final-> 0.000093
	Tmin-> 0.000100
	Geometric cooling rate: T[k]=0.900000 * T[k-1]
	N-> 1000
RESULTS:
	Best cost -> 0.02805260457147027570
	Betweenness centrality
	 Desired BC  |  Closest BC  | Difference^2
	0.0139492459 | 0.0114267149 | 0.0000063632
	0.0000000000 | 0.0095261301 | 0.0000907472
	0.0121514823 | 0.0000000000 | 0.0001476585
	0.0099333301 | 0.0123688852 | 0.0000059319
	0.2414517944 | 0.2423887879 | 0.0000008780
	0.1100452867 | 0.1131020634 | 0.0000093439
	0.1536684219 | 0.1553697697 | 0.0000028946
	0.0866688151 | 0.0742358347 | 0.0001545790
	0.0177944862 | 0.0212614871 | 0.0000120201
	0.0201197438 | 0.0218641648 | 0.0000030430
	0.0278154537 | 0.0289211591 | 0.0000012226
	0.0564327485 | 0.0519398988 | 0.0000201857
	0.0212409795 | 0.0234236190 | 0.0000047639
	0.0136259452 | 0.0079434698 | 0.0000322905
	0.0165429915 | 0.0007309942 | 0.0002500193
	0.0048732943 | 0.0102339181 | 0.0000287363
	0.0096798368 | 0.0094193818 | 0.0000000678
	0.0143987105 | 0.0135186823 | 0.0000007744
	0.0103940407 | 0.0139920881 | 0.0000129459
	0.0013186561 | 0.0028943546 | 0.0000024828
