15 11 5 10
5 15 7 4
6
6 5 15 18 4
1 19 6 11 3 13 18 15 9 5 16 12 14 10
6 19 3 11 1 7 18 4 0 12 8
3 11 5 2 18 4 16 10 8 17
1 11 5 9 13 18 16 14 17
6 19 12 5 9 17
7 4 16 12 10 8 17
6 9 0 12 13 4
6 5 7 13 4 0 16 12 17
16 4 5 9 11 10 8 17
7 11 18 4 10
7 4
3 1 4 0
11 4 6 7 9 12
6 8 12 11 7 9
7 3 13 6 5 4
5 4 8
